HTTP/1.1 200 OK
Date: Tue, 03 Mar 2026 08:50:25 GMT
Server: micro/1.1
Content-Length: 15539
Content-Type: text/html
Last-Modified: Tue, 03 Mar 2026 07:01:24 GMT
Connection: keep-alive

<!DOCTYPE html>
<html lang='en'>
<head>
    <meta charset='UTF-8'>
    <meta name='viewport' content='width=device-width, initial-scale=1.0'>
    <title>ICWS Test Page</title>
    <style>
        body { font-family: Arial, sans-serif; margin: 40px; }
        h1 { color: #2c3e50; }
        .card { background: #f4f4f4; padding: 15px; margin-bottom: 10px; border-radius: 5px; }
    </style>
</head>
<body>
    <h1>ICWS Web Server Test</h1>
    <div class='card'>
        <h2>Section 1</h2>
        <p>This is automatically generated content block 1 for performance testing.</p>
    </div>
    <div class='card'>
        <h2>Section 2</h2>
        <p>This is automatically generated content block 2 for performance testing.</p>
    </div>
    <div class='card'>
        <h2>Section 3</h2>
        <p>This is automatically generated content block 3 for performance testing.</p>
    </div>
    <div class='card'>
        <h2>Section 4</h2>
        <p>This is automatically generated content block 4 for performance testing.</p>
    </div>
    <div class='card'>
        <h2>Section 5</h2>
        <p>This is automatically generated content block 5 for performance testing.</p>
    </div>
    <div class='card'>
        <h2>Section 6</h2>
        <p>This is automatically generated content block 6 for performance testing.</p>
    </div>
    <div class='card'>
        <h2>Section 7</h2>
        <p>This is automatically generated content block 7 for performance testing.</p>
    </div>
    <div class='card'>
        <h2>Section 8</h2>
        <p>This is automatically generated content block 8 for performance testing.</p>
    </div>
    <div class='card'>
        <h2>Section 9</h2>
        <p>This is automatically generated content block 9 for performance testing.</p>
    </div>
    <div class='card'>
        <h2>Section 10</h2>
        <p>This is automatically generated content block 10 for performance testing.</p>
    </div>
    <div class='card'>
        <h2>Section 11</h2>
        <p>This is automatically generated content block 11 for performance testing.</p>
    </div>
    <div class='card'>
        <h2>Section 12</h2>
        <p>This is automatically generated content block 12 for performance testing.</p>
    </div>
    <div class='card'>
        <h2>Section 13</h2>
        <p>This is automatically generated content block 13 for performance testing.</p>
    </div>
    <div class='card'>
        <h2>Section 14</h2>
        <p>This is automatically generated content block 14 for performance testing.</p>
    </div>
    <div class='card'>
        <h2>Section 15</h2>
        <p>This is automatically generated content block 15 for performance testing.</p>
    </div>
    <div class='card'>
        <h2>Section 16</h2>
        <p>This is automatically generated content block 16 for performance testing.</p>
    </div>
    <div class='card'>
        <h2>Section 17</h2>
        <p>This is automatically generated content block 17 for performance testing.</p>
    </div>
    <div class='card'>
        <h2>Section 18</h2>
        <p>This is automatically generated content block 18 for performance testing.</p>
    </div>
    <div class='card'>
        <h2>Section 19</h2>
        <p>This is automatically generated content block 19 for performance testing.</p>
    </div>
    <div class='card'>
        <h2>Section 20</h2>
        <p>This is automatically generated content block 20 for performance testing.</p>
    </div>
    <div class='card'>
        <h2>Section 21</h2>
        <p>This is automatically generated content block 21 for performance testing.</p>
    </div>
    <div class='card'>
        <h2>Section 22</h2>
        <p>This is automatically generated content block 22 for performance testing.</p>
    </div>
    <div class='card'>
        <h2>Section 23</h2>
        <p>This is automatically generated content block 23 for performance testing.</p>
    </div>
    <div class='card'>
        <h2>Section 24</h2>
        <p>This is automatically generated content block 24 for performance testing.</p>
    </div>
    <div class='card'>
        <h2>Section 25</h2>
        <p>This is automatically generated content block 25 for performance testing.</p>
    </div>
    <div class='card'>
        <h2>Section 26</h2>
        <p>This is automatically generated content block 26 for performance testing.</p>
    </div>
    <div class='card'>
        <h2>Section 27</h2>
        <p>This is automatically generated content block 27 for performance testing.</p>
    </div>
    <div class='card'>
        <h2>Section 28</h2>
        <p>This is automatically generated content block 28 for performance testing.</p>
    </div>
    <div class='card'>
        <h2>Section 29</h2>
        <p>This is automatically generated content block 29 for performance testing.</p>
    </div>
    <div class='card'>
        <h2>Section 30</h2>
        <p>This is automatically generated content block 30 for performance testing.</p>
    </div>
    <div class='card'>
        <h2>Section 31</h2>
        <p>This is automatically generated content block 31 for performance testing.</p>
    </div>
    <div class='card'>
        <h2>Section 32</h2>
        <p>This is automatically generated content block 32 for performance testing.</p>
    </div>
    <div class='card'>
        <h2>Section 33</h2>
        <p>This is automatically generated content block 33 for performance testing.</p>
    </div>
    <div class='card'>
        <h2>Section 34</h2>
        <p>This is automatically generated content block 34 for performance testing.</p>
    </div>
    <div class='card'>
        <h2>Section 35</h2>
        <p>This is automatically generated content block 35 for performance testing.</p>
    </div>
    <div class='card'>
        <h2>Section 36</h2>
        <p>This is automatically generated content block 36 for performance testing.</p>
    </div>
    <div class='card'>
        <h2>Section 37</h2>
        <p>This is automatically generated content block 37 for performance testing.</p>
    </div>
    <div class='card'>
        <h2>Section 38</h2>
        <p>This is automatically generated content block 38 for performance testing.</p>
    </div>
    <div class='card'>
        <h2>Section 39</h2>
        <p>This is automatically generated content block 39 for performance testing.</p>
    </div>
    <div class='card'>
        <h2>Section 40</h2>
        <p>This is automatically generated content block 40 for performance testing.</p>
    </div>
    <div class='card'>
        <h2>Section 41</h2>
        <p>This is automatically generated content block 41 for performance testing.</p>
    </div>
    <div class='card'>
        <h2>Section 42</h2>
        <p>This is automatically generated content block 42 for performance testing.</p>
    </div>
    <div class='card'>
        <h2>Section 43</h2>
        <p>This is automatically generated content block 43 for performance testing.</p>
    </div>
    <div class='card'>
        <h2>Section 44</h2>
        <p>This is automatically generated content block 44 for performance testing.</p>
    </div>
    <div class='card'>
        <h2>Section 45</h2>
        <p>This is automatically generated content block 45 for performance testing.</p>
    </div>
    <div class='card'>
        <h2>Section 46</h2>
        <p>This is automatically generated content block 46 for performance testing.</p>
    </div>
    <div class='card'>
        <h2>Section 47</h2>
        <p>This is automatically generated content block 47 for performance testing.</p>
    </div>
    <div class='card'>
        <h2>Section 48</h2>
        <p>This is automatically generated content block 48 for performance testing.</p>
    </div>
    <div class='card'>
        <h2>Section 49</h2>
        <p>This is automatically generated content block 49 for performance testing.</p>
    </div>
    <div class='card'>
        <h2>Section 50</h2>
        <p>This is automatically generated content block 50 for performance testing.</p>
    </div>
    <div class='card'>
        <h2>Section 51</h2>
        <p>This is automatically generated content block 51 for performance testing.</p>
    </div>
    <div class='card'>
        <h2>Section 52</h2>
        <p>This is automatically generated content block 52 for performance testing.</p>
    </div>
    <div class='card'>
        <h2>Section 53</h2>
        <p>This is automatically generated content block 53 for performance testing.</p>
    </div>
    <div class='card'>
        <h2>Section 54</h2>
        <p>This is automatically generated content block 54 for performance testing.</p>
    </div>
    <div class='card'>
        <h2>Section 55</h2>
        <p>This is automatically generated content block 55 for performance testing.</p>
    </div>
    <div class='card'>
        <h2>Section 56</h2>
        <p>This is automatically generated content block 56 for performance testing.</p>
    </div>
    <div class='card'>
        <h2>Section 57</h2>
        <p>This is automatically generated content block 57 for performance testing.</p>
    </div>
    <div class='card'>
        <h2>Section 58</h2>
        <p>This is automatically generated content block 58 for performance testing.</p>
    </div>
    <div class='card'>
        <h2>Section 59</h2>
        <p>This is automatically generated content block 59 for performance testing.</p>
    </div>
    <div class='card'>
        <h2>Section 60</h2>
        <p>This is automatically generated content block 60 for performance testing.</p>
    </div>
    <div class='card'>
        <h2>Section 61</h2>
        <p>This is automatically generated content block 61 for performance testing.</p>
    </div>
    <div class='card'>
        <h2>Section 62</h2>
        <p>This is automatically generated content block 62 for performance testing.</p>
    </div>
    <div class='card'>
        <h2>Section 63</h2>
        <p>This is automatically generated content block 63 for performance testing.</p>
    </div>
    <div class='card'>
        <h2>Section 64</h2>
        <p>This is automatically generated content block 64 for performance testing.</p>
    </div>
    <div class='card'>
        <h2>Section 65</h2>
        <p>This is automatically generated content block 65 for performance testing.</p>
    </div>
    <div class='card'>
        <h2>Section 66</h2>
        <p>This is automatically generated content block 66 for performance testing.</p>
    </div>
    <div class='card'>
        <h2>Section 67</h2>
        <p>This is automatically generated content block 67 for performance testing.</p>
    </div>
    <div class='card'>
        <h2>Section 68</h2>
        <p>This is automatically generated content block 68 for performance testing.</p>
    </div>
    <div class='card'>
        <h2>Section 69</h2>
        <p>This is automatically generated content block 69 for performance testing.</p>
    </div>
    <div class='card'>
        <h2>Section 70</h2>
        <p>This is automatically generated content block 70 for performance testing.</p>
    </div>
    <div class='card'>
        <h2>Section 71</h2>
        <p>This is automatically generated content block 71 for performance testing.</p>
    </div>
    <div class='card'>
        <h2>Section 72</h2>
        <p>This is automatically generated content block 72 for performance testing.</p>
    </div>
    <div class='card'>
        <h2>Section 73</h2>
        <p>This is automatically generated content block 73 for performance testing.</p>
    </div>
    <div class='card'>
        <h2>Section 74</h2>
        <p>This is automatically generated content block 74 for performance testing.</p>
    </div>
    <div class='card'>
        <h2>Section 75</h2>
        <p>This is automatically generated content block 75 for performance testing.</p>
    </div>
    <div class='card'>
        <h2>Section 76</h2>
        <p>This is automatically generated content block 76 for performance testing.</p>
    </div>
    <div class='card'>
        <h2>Section 77</h2>
        <p>This is automatically generated content block 77 for performance testing.</p>
    </div>
    <div class='card'>
        <h2>Section 78</h2>
        <p>This is automatically generated content block 78 for performance testing.</p>
    </div>
    <div class='card'>
        <h2>Section 79</h2>
        <p>This is automatically generated content block 79 for performance testing.</p>
    </div>
    <div class='card'>
        <h2>Section 80</h2>
        <p>This is automatically generated content block 80 for performance testing.</p>
    </div>
    <div class='card'>
        <h2>Section 81</h2>
        <p>This is automatically generated content block 81 for performance testing.</p>
    </div>
    <div class='card'>
        <h2>Section 82</h2>
        <p>This is automatically generated content block 82 for performance testing.</p>
    </div>
    <div class='card'>
        <h2>Section 83</h2>
        <p>This is automatically generated content block 83 for performance testing.</p>
    </div>
    <div class='card'>
        <h2>Section 84</h2>
        <p>This is automatically generated content block 84 for performance testing.</p>
    </div>
    <div class='card'>
        <h2>Section 85</h2>
        <p>This is automatically generated content block 85 for performance testing.</p>
    </div>
    <div class='card'>
        <h2>Section 86</h2>
        <p>This is automatically generated content block 86 for performance testing.</p>
    </div>
    <div class='card'>
        <h2>Section 87</h2>
        <p>This is automatically generated content block 87 for performance testing.</p>
    </div>
    <div class='card'>
        <h2>Section 88</h2>
        <p>This is automatically generated content block 88 for performance testing.</p>
    </div>
    <div class='card'>
        <h2>Section 89</h2>
        <p>This is automatically generated content block 89 for performance testing.</p>
    </div>
    <div class='card'>
        <h2>Section 90</h2>
        <p>This is automatically generated content block 90 for performance testing.</p>
    </div>
    <div class='card'>
        <h2>Section 91</h2>
        <p>This is automatically generated content block 91 for performance testing.</p>
    </div>
    <div class='card'>
        <h2>Section 92</h2>
        <p>This is automatically generated content block 92 for performance testing.</p>
    </div>
    <div class='card'>
        <h2>Section 93</h2>
        <p>This is automatically generated content block 93 for performance testing.</p>
    </div>
    <div class='card'>
        <h2>Section 94</h2>
        <p>This is automatically generated content block 94 for performance testing.</p>
    </div>
    <div class='card'>
        <h2>Section 95</h2>
        <p>This is automatically generated content block 95 for performance testing.</p>
    </div>
    <div class='card'>
        <h2>Section 96</h2>
        <p>This is automatically generated content block 96 for performance testing.</p>
    </div>
    <div class='card'>
        <h2>Section 97</h2>
        <p>This is automatically generated content block 97 for performance testing.</p>
    </div>
    <div class='card'>
        <h2>Section 98</h2>
        <p>This is automatically generated content block 98 for performance testing.</p>
    </div>
    <div class='card'>
        <h2>Section 99</h2>
        <p>This is automatically generated content block 99 for performance testing.</p>
    </div>
    <div class='card'>
        <h2>Section 100</h2>
        <p>This is automatically generated content block 100 for performance testing.</p>
    </div>
</body>
</html>
